2026-08-17 14:20:05 INFO catalog-service - Health check completed
2026-08-17 14:20:25 INFO catalog-service - User authentication successful
2026-08-17 14:20:55 INFO catalog-service - Request processed successfully
2026-08-17 14:21:55 ERROR order-service - Connection reset by peer
2026-08-17 14:22:00 INFO order-service - API request completed
2026-08-17 14:22:45 INFO order-service - Order status updated
2026-08-17 14:22:55 INFO order-service - Payment request received
2026-08-17 14:23:40 ERROR catalog-service - Connection reset by peer
2026-08-17 14:24:00 WARNING order-service - Authentication retry threshold approaching
2026-08-17 14:24:45 INFO catalog-service - API request completed
2026-08-17 14:25:45 ERROR auth-service - Transaction declined
2026-08-17 14:26:00 INFO order-service - Database query completed
2026-08-17 14:27:00 WARNING order-service - Slow database query detected
2026-08-17 14:27:30 ERROR order-service - Unable to write audit record
2026-08-17 14:27:35 INFO order-service - Notification queued successfully
2026-08-17 14:27:50 INFO auth-service - Session created successfully
2026-08-17 14:28:00 INFO catalog-service - File upload completed
2026-08-17 14:28:15 INFO catalog-service - Cache lookup completed
2026-08-17 14:28:45 INFO catalog-service - Health check completed
2026-08-17 14:28:50 WARNING auth-service - High response time detected
2026-08-17 14:29:00 INFO order-service - Session created successfully
2026-08-17 14:29:30 INFO auth-service - Order status updated
2026-08-17 14:29:50 INFO order-service - Session created successfully
2026-08-17 14:30:50 WARNING api-gateway - High response time detected
2026-08-17 14:31:05 INFO auth-service - Background worker started
2026-08-17 14:31:50 ERROR auth-service - API request returned HTTP 500
2026-08-17 14:32:35 WARNING catalog-service - Cache miss rate increased
2026-08-17 14:33:05 INFO catalog-service - Background worker started
2026-08-17 14:33:50 ERROR catalog-service - Unable to write audit record
2026-08-17 14:34:35 WARNING order-service - Retrying external service request
2026-08-17 14:34:50 INFO catalog-service - Database query completed
2026-08-17 14:34:55 INFO auth-service - API request completed
2026-08-17 14:35:00 ERROR auth-service - Failed to retrieve customer profile
2026-08-17 14:35:10 INFO order-service - Cache lookup completed
2026-08-17 14:35:55 INFO catalog-service - User authentication successful
2026-08-17 14:36:55 INFO auth-service - Cache lookup completed
2026-08-17 14:37:05 INFO catalog-service - Payment request received
2026-08-17 14:37:20 INFO api-gateway - Order status updated
2026-08-17 14:37:50 INFO auth-service - Cache lookup completed
2026-08-17 14:37:55 CRITICAL api-gateway - Critical service dependency unavailable
2026-08-17 14:38:40 ERROR auth-service - API request returned HTTP 500
2026-08-17 14:39:40 ERROR order-service - API request returned HTTP 500
2026-08-17 14:40:40 ERROR api-gateway - API request returned HTTP 500
2026-08-17 14:40:55 WARNING order-service - API error rate above normal threshold
2026-08-17 14:41:15 INFO catalog-service - Payment request received
2026-08-17 14:41:20 WARNING catalog-service - Authentication retry threshold approaching
2026-08-17 14:41:40 ERROR api-gateway - Transaction declined
2026-08-17 14:42:00 INFO order-service - User authentication successful
2026-08-17 14:42:30 INFO api-gateway - Payment request received
2026-08-17 14:42:40 INFO catalog-service - User authentication successful
2026-08-17 14:42:50 INFO api-gateway - Health check completed
2026-08-17 14:43:50 ERROR order-service - Failed to retrieve customer profile
2026-08-17 14:44:50 INFO order-service - Session created successfully
2026-08-17 14:45:10 INFO catalog-service - Notification queued successfully
2026-08-17 14:45:40 WARNING order-service - Retrying external service request
2026-08-17 14:46:10 ERROR api-gateway - Transaction declined
2026-08-17 14:47:10 INFO auth-service - Connection pool initialized
2026-08-17 14:47:20 ERROR catalog-service - Transaction declined
2026-08-17 14:47:30 WARNING auth-service - Connection pool usage above 80 percent
2026-08-17 14:48:00 INFO api-gateway - Payment request received
2026-08-17 14:48:05 INFO order-service - Session created successfully
2026-08-17 14:48:50 INFO order-service - Cache lookup completed
2026-08-17 14:48:55 INFO auth-service - Cache lookup completed
2026-08-17 14:49:40 INFO catalog-service - Order status updated
2026-08-17 14:50:40 INFO order-service - User authentication successful
2026-08-17 14:51:25 INFO auth-service - Service heartbeat received
2026-08-17 14:51:40 ERROR auth-service - Message processing failed
2026-08-17 14:51:45 INFO auth-service - Connection pool initialized
2026-08-17 14:51:55 INFO catalog-service - Notification queued successfully
2026-08-17 14:52:05 INFO api-gateway - Request processed successfully
2026-08-17 14:52:15 WARNING catalog-service - Slow database query detected
2026-08-17 14:53:00 INFO catalog-service - Session created successfully
2026-08-17 14:53:05 ERROR order-service - API request returned HTTP 500
2026-08-17 14:53:50 ERROR order-service - API request returned HTTP 500
2026-08-17 14:54:20 INFO order-service - Session created successfully
2026-08-17 14:54:25 INFO api-gateway - Service heartbeat received
2026-08-17 14:54:45 INFO catalog-service - Configuration loaded successfully
2026-08-17 14:55:00 INFO api-gateway - User authentication successful
2026-08-17 14:55:10 INFO api-gateway - File upload completed
2026-08-17 14:55:55 CRITICAL catalog-service - Payment service unavailable
2026-08-17 14:56:55 INFO auth-service - Session created successfully
2026-08-17 14:57:25 ERROR order-service - API request returned HTTP 500
2026-08-17 14:57:35 INFO order-service - Connection pool initialized
2026-08-17 14:58:35 INFO order-service - User authentication successful
2026-08-17 14:58:55 ERROR catalog-service - Message processing failed
2026-08-17 14:59:10 WARNING catalog-service - Request queue depth is increasing
2026-08-17 14:59:15 INFO auth-service - API request completed
2026-08-17 14:59:35 ERROR order-service - API request returned HTTP 500
2026-08-17 15:00:20 WARNING order-service - Authentication retry threshold approaching
2026-08-17 15:01:20 WARNING api-gateway - Cache miss rate increased
2026-08-17 15:01:25 INFO catalog-service - Cache lookup completed
2026-08-17 15:01:40 INFO api-gateway - File upload completed
