2026-08-16 09:05:10 ERROR database-service - API request returned HTTP 500
2026-08-16 09:05:25 ERROR database-service - Unable to write audit record
2026-08-16 09:05:35 INFO order-service - Database query completed
2026-08-16 09:06:20 WARNING database-service - Retrying external service request
2026-08-16 09:07:20 ERROR order-service - Message processing failed
2026-08-16 09:07:50 INFO order-service - Payment request received
2026-08-16 09:08:00 ERROR database-service - External payment service returned an error
2026-08-16 09:08:20 INFO database-service - Payment request received
2026-08-16 09:09:05 INFO user-service - File upload completed
2026-08-16 09:09:25 INFO order-service - Notification queued successfully
2026-08-16 09:10:10 INFO database-service - Cache lookup completed
2026-08-16 09:10:20 INFO order-service - User authentication successful
2026-08-16 09:10:40 INFO database-service - Notification queued successfully
2026-08-16 09:11:00 INFO database-service - Database query completed
2026-08-16 09:12:00 INFO user-service - API request completed
2026-08-16 09:12:15 INFO database-service - Database query completed
2026-08-16 09:12:20 INFO order-service - Database query completed
2026-08-16 09:12:40 INFO user-service - Cache lookup completed
2026-08-16 09:13:40 INFO database-service - File upload completed
2026-08-16 09:13:55 ERROR user-service - Message processing failed
2026-08-16 09:14:40 INFO order-service - API request completed
2026-08-16 09:14:45 ERROR database-service - API request returned HTTP 500
2026-08-16 09:14:55 WARNING order-service - Retrying external service request
2026-08-16 09:15:00 INFO database-service - Configuration loaded successfully
2026-08-16 09:15:20 INFO user-service - Order status updated
2026-08-16 09:16:20 INFO user-service - Background worker started
2026-08-16 09:16:50 CRITICAL order-service - Payment service unavailable
2026-08-16 09:17:10 ERROR order-service - Failed to retrieve customer profile
2026-08-16 09:17:25 WARNING database-service - Request queue depth is increasing
2026-08-16 09:17:45 WARNING database-service - Slow database query detected
2026-08-16 09:18:45 ERROR order-service - Database connection timeout
2026-08-16 09:19:30 ERROR order-service - Database connection timeout
2026-08-16 09:19:45 CRITICAL user-service - Database cluster connection lost
2026-08-16 09:20:30 INFO user-service - Configuration loaded successfully
2026-08-16 09:20:45 INFO order-service - Notification queued successfully
2026-08-16 09:20:50 WARNING order-service - Retrying external service request
2026-08-16 09:21:20 INFO user-service - Connection pool initialized
2026-08-16 09:21:40 ERROR user-service - Message processing failed
2026-08-16 09:22:25 INFO user-service - Health check completed
2026-08-16 09:22:35 INFO database-service - Background worker started
2026-08-16 09:23:20 INFO user-service - Connection pool initialized
2026-08-16 09:24:05 WARNING database-service - Slow database query detected
2026-08-16 09:24:35 WARNING user-service - Cache miss rate increased
2026-08-16 09:25:05 INFO database-service - Cache lookup completed
2026-08-16 09:25:20 INFO database-service - Background worker started
2026-08-16 09:26:20 WARNING order-service - Slow database query detected
2026-08-16 09:27:05 INFO user-service - Session created successfully
2026-08-16 09:27:25 INFO user-service - Connection pool initialized
2026-08-16 09:27:35 INFO order-service - Session created successfully
2026-08-16 09:28:35 CRITICAL order-service - Database cluster connection lost
2026-08-16 09:29:20 INFO database-service - Cache lookup completed
2026-08-16 09:29:50 INFO order-service - Connection pool initialized
2026-08-16 09:30:20 INFO user-service - User authentication successful
2026-08-16 09:31:20 INFO database-service - Connection pool initialized
2026-08-16 09:31:35 INFO database-service - File upload completed
2026-08-16 09:31:45 INFO database-service - Request processed successfully
2026-08-16 09:31:50 INFO database-service - Session created successfully
2026-08-16 09:32:20 INFO database-service - Session created successfully
2026-08-16 09:32:40 INFO order-service - Configuration loaded successfully
2026-08-16 09:32:50 INFO order-service - Order status updated
2026-08-16 09:33:10 INFO user-service - Background worker started
2026-08-16 09:33:20 INFO database-service - Connection pool initialized
2026-08-16 09:34:05 WARNING database-service - Authentication retry threshold approaching
2026-08-16 09:35:05 INFO database-service - File upload completed
2026-08-16 09:35:25 INFO database-service - Payment request received
2026-08-16 09:36:25 ERROR order-service - Connection reset by peer
2026-08-16 09:36:30 ERROR order-service - Failed to retrieve customer profile
2026-08-16 09:37:30 WARNING database-service - Cache miss rate increased
2026-08-16 09:37:40 INFO user-service - Connection pool initialized
2026-08-16 09:38:10 WARNING order-service - Slow database query detected
2026-08-16 09:38:25 ERROR user-service - Message processing failed
2026-08-16 09:39:25 INFO order-service - Session created successfully
2026-08-16 09:39:35 CRITICAL order-service - Multiple worker processes stopped unexpectedly
2026-08-16 09:39:55 ERROR user-service - Failed to retrieve customer profile
2026-08-16 09:40:55 INFO order-service - Cache lookup completed
2026-08-16 09:41:55 INFO order-service - Session created successfully
2026-08-16 09:42:40 ERROR database-service - API request returned HTTP 500
2026-08-16 09:43:00 WARNING database-service - Request queue depth is increasing
2026-08-16 09:43:15 INFO database-service - Cache lookup completed
2026-08-16 09:43:30 INFO user-service - Service heartbeat received
2026-08-16 09:44:00 INFO database-service - Payment request received
2026-08-16 09:44:10 ERROR database-service - Message processing failed
2026-08-16 09:44:55 INFO database-service - Order status updated
2026-08-16 09:45:05 ERROR database-service - Message processing failed
2026-08-16 09:45:25 INFO user-service - Health check completed
2026-08-16 09:45:45 INFO user-service - Request processed successfully
2026-08-16 09:45:55 INFO user-service - Background worker started
2026-08-16 09:46:55 WARNING order-service - Request queue depth is increasing
2026-08-16 09:47:00 ERROR order-service - Message processing failed
2026-08-16 09:47:20 ERROR database-service - Unable to write audit record
