2026-08-15 19:10:21 WARNING api-gateway - Retrying external service request
2026-08-15 19:10:26 INFO payment-service - Service heartbeat received
2026-08-15 19:10:56 INFO order-service - API request completed
2026-08-15 19:11:06 INFO order-service - Session created successfully
2026-08-15 19:11:26 ERROR order-service - Connection reset by peer
2026-08-15 19:11:36 WARNING api-gateway - Connection pool usage above 80 percent
2026-08-15 19:11:46 INFO order-service - Health check completed
2026-08-15 19:12:16 INFO api-gateway - Order status updated
2026-08-15 19:12:46 INFO api-gateway - Service heartbeat received
2026-08-15 19:13:16 INFO api-gateway - API request completed
2026-08-15 19:13:26 INFO payment-service - Health check completed
2026-08-15 19:13:46 INFO payment-service - File upload completed
2026-08-15 19:13:51 ERROR payment-service - Payment gateway response timeout
2026-08-15 19:14:36 ERROR payment-service - Payment gateway response timeout
2026-08-15 19:15:21 ERROR api-gateway - Payment gateway response timeout
2026-08-15 19:15:26 WARNING api-gateway - Payment gateway retry initiated
2026-08-15 19:15:56 WARNING api-gateway - Slow database query detected
2026-08-15 19:16:11 ERROR order-service - Database connection timeout
2026-08-15 19:16:56 INFO order-service - User authentication successful
2026-08-15 19:17:41 INFO order-service - File upload completed
2026-08-15 19:17:56 INFO order-service - API request completed
2026-08-15 19:18:01 ERROR api-gateway - Message processing failed
2026-08-15 19:18:11 ERROR api-gateway - Database connection timeout
2026-08-15 19:18:56 WARNING order-service - Retrying external service request
2026-08-15 19:19:26 INFO payment-service - Health check completed
2026-08-15 19:19:31 INFO order-service - Cache lookup completed
2026-08-15 19:20:31 INFO order-service - Health check completed
2026-08-15 19:21:01 ERROR payment-service - External payment service returned an error
2026-08-15 19:21:16 INFO payment-service - Health check completed
2026-08-15 19:22:16 INFO order-service - Service heartbeat received
2026-08-15 19:22:21 WARNING order-service - Retrying external service request
2026-08-15 19:22:41 INFO payment-service - User authentication successful
2026-08-15 19:22:56 INFO api-gateway - Database query completed
2026-08-15 19:23:01 CRITICAL payment-service - Payment service unavailable
2026-08-15 19:23:06 INFO order-service - Session created successfully
2026-08-15 19:24:06 ERROR payment-service - External payment service returned an error
2026-08-15 19:24:16 INFO order-service - Session created successfully
2026-08-15 19:24:46 INFO payment-service - Cache lookup completed
2026-08-15 19:25:16 INFO order-service - Background worker started
2026-08-15 19:25:26 INFO order-service - File upload completed
2026-08-15 19:26:11 WARNING order-service - Connection pool usage above 80 percent
2026-08-15 19:26:56 WARNING api-gateway - Cache miss rate increased
2026-08-15 19:27:41 INFO order-service - API request completed
2026-08-15 19:28:01 INFO order-service - Session created successfully
2026-08-15 19:28:06 INFO payment-service - Database query completed
2026-08-15 19:28:11 ERROR api-gateway - Database connection timeout
2026-08-15 19:28:41 INFO order-service - Database query completed
2026-08-15 19:29:11 INFO payment-service - Request processed successfully
2026-08-15 19:29:16 INFO order-service - Connection pool initialized
2026-08-15 19:29:21 INFO payment-service - User authentication successful
2026-08-15 19:29:26 INFO api-gateway - User authentication successful
2026-08-15 19:29:56 ERROR payment-service - API request returned HTTP 500
2026-08-15 19:30:41 INFO api-gateway - Database query completed
2026-08-15 19:31:11 INFO payment-service - Order status updated
2026-08-15 19:31:41 INFO order-service - Session created successfully
2026-08-15 19:31:51 WARNING api-gateway - Authentication retry threshold approaching
2026-08-15 19:32:11 INFO payment-service - User authentication successful
2026-08-15 19:32:16 ERROR order-service - Message processing failed
2026-08-15 19:32:31 INFO api-gateway - Background worker started
2026-08-15 19:32:51 ERROR order-service - Database connection timeout
2026-08-15 19:33:36 INFO order-service - Connection pool initialized
2026-08-15 19:33:41 ERROR payment-service - Message processing failed
2026-08-15 19:34:26 INFO api-gateway - File upload completed
2026-08-15 19:35:26 INFO payment-service - Database query completed
2026-08-15 19:35:36 INFO payment-service - Health check completed
2026-08-15 19:35:56 ERROR payment-service - Message processing failed
2026-08-15 19:36:06 INFO api-gateway - Session created successfully
2026-08-15 19:36:16 ERROR payment-service - Connection reset by peer
2026-08-15 19:37:16 INFO order-service - User authentication successful
2026-08-15 19:37:21 CRITICAL order-service - Payment service unavailable
2026-08-15 19:37:26 INFO payment-service - Payment request received
2026-08-15 19:37:46 ERROR api-gateway - Connection reset by peer
2026-08-15 19:37:56 WARNING api-gateway - High response time detected
2026-08-15 19:38:06 INFO api-gateway - Request processed successfully
2026-08-15 19:38:26 INFO api-gateway - Service heartbeat received
2026-08-15 19:39:26 ERROR api-gateway - API request returned HTTP 500
2026-08-15 19:39:46 ERROR order-service - Connection reset by peer
2026-08-15 19:39:56 INFO payment-service - Cache lookup completed
2026-08-15 19:40:06 INFO payment-service - Configuration loaded successfully
2026-08-15 19:40:51 ERROR order-service - Database connection timeout
2026-08-15 19:41:36 INFO api-gateway - Request processed successfully
2026-08-15 19:41:41 WARNING order-service - Cache miss rate increased
2026-08-15 19:42:11 INFO order-service - Payment request received
2026-08-15 19:42:16 INFO order-service - User authentication successful
2026-08-15 19:43:16 INFO payment-service - User authentication successful
2026-08-15 19:43:46 INFO payment-service - Connection pool initialized
2026-08-15 19:44:46 INFO payment-service - Background worker started
2026-08-15 19:44:51 INFO order-service - Database query completed
2026-08-15 19:45:21 INFO order-service - Request processed successfully
2026-08-15 19:45:51 ERROR payment-service - Message processing failed
