2026-08-18 22:40:12 INFO api-gateway - Service heartbeat received
2026-08-18 22:41:12 CRITICAL security-service - Multiple worker processes stopped unexpectedly
2026-08-18 22:41:57 INFO api-gateway - Payment request received
2026-08-18 22:42:17 INFO auth-service - Payment request received
2026-08-18 22:42:47 INFO api-gateway - API request completed
2026-08-18 22:43:47 WARNING auth-service - Authentication retry threshold approaching
2026-08-18 22:44:47 WARNING security-service - High response time detected
2026-08-18 22:45:17 WARNING security-service - High response time detected
2026-08-18 22:46:02 ERROR auth-service - Message processing failed
2026-08-18 22:47:02 INFO api-gateway - Payment request received
2026-08-18 22:47:07 INFO security-service - File upload completed
2026-08-18 22:47:22 INFO security-service - Configuration loaded successfully
2026-08-18 22:48:07 ERROR security-service - Transaction declined
2026-08-18 22:49:07 INFO security-service - Notification queued successfully
2026-08-18 22:49:52 WARNING api-gateway - Cache miss rate increased
2026-08-18 22:50:07 ERROR api-gateway - Connection reset by peer
2026-08-18 22:51:07 INFO api-gateway - Request processed successfully
2026-08-18 22:51:37 ERROR auth-service - Failed to retrieve customer profile
2026-08-18 22:52:22 INFO api-gateway - Service heartbeat received
2026-08-18 22:52:37 INFO auth-service - Order status updated
2026-08-18 22:52:42 WARNING security-service - Multiple failed authentication attempts detected
2026-08-18 22:53:42 WARNING api-gateway - Multiple failed authentication attempts detected
2026-08-18 22:54:42 WARNING auth-service - Multiple failed authentication attempts detected
2026-08-18 22:54:52 ERROR api-gateway - User authentication failed after retry limit
2026-08-18 22:54:57 INFO auth-service - API request completed
2026-08-18 22:55:57 INFO auth-service - Cache lookup completed
2026-08-18 22:56:12 INFO security-service - Background worker started
2026-08-18 22:56:22 INFO auth-service - Health check completed
2026-08-18 22:56:42 WARNING api-gateway - Request queue depth is increasing
2026-08-18 22:57:42 CRITICAL auth-service - Database cluster connection lost
2026-08-18 22:57:52 INFO auth-service - Configuration loaded successfully
2026-08-18 22:58:52 ERROR security-service - Failed to retrieve customer profile
2026-08-18 22:59:12 INFO api-gateway - Payment request received
2026-08-18 22:59:22 INFO security-service - Connection pool initialized
2026-08-18 22:59:37 INFO security-service - Cache lookup completed
2026-08-18 23:00:22 INFO auth-service - Service heartbeat received
2026-08-18 23:01:22 INFO security-service - Service heartbeat received
2026-08-18 23:01:37 INFO api-gateway - Health check completed
2026-08-18 23:01:47 INFO auth-service - Session created successfully
2026-08-18 23:02:02 INFO api-gateway - Cache lookup completed
2026-08-18 23:02:47 ERROR security-service - API request returned HTTP 500
2026-08-18 23:03:07 INFO security-service - Database query completed
2026-08-18 23:03:27 INFO security-service - User authentication successful
2026-08-18 23:03:37 WARNING security-service - Slow database query detected
2026-08-18 23:03:52 WARNING api-gateway - Retrying external service request
2026-08-18 23:04:37 ERROR security-service - Database connection timeout
2026-08-18 23:05:37 WARNING api-gateway - Cache miss rate increased
2026-08-18 23:05:52 ERROR auth-service - Database connection timeout
2026-08-18 23:06:22 INFO api-gateway - Session created successfully
2026-08-18 23:07:22 WARNING security-service - Authentication retry threshold approaching
2026-08-18 23:08:22 INFO auth-service - Configuration loaded successfully
2026-08-18 23:09:22 INFO security-service - Database query completed
2026-08-18 23:10:07 INFO auth-service - Configuration loaded successfully
2026-08-18 23:10:22 INFO api-gateway - File upload completed
2026-08-18 23:11:07 INFO api-gateway - Connection pool initialized
2026-08-18 23:12:07 WARNING auth-service - Request queue depth is increasing
2026-08-18 23:12:12 INFO api-gateway - Connection pool initialized
2026-08-18 23:12:17 ERROR security-service - Connection reset by peer
2026-08-18 23:12:22 INFO api-gateway - API request completed
2026-08-18 23:13:07 INFO auth-service - User authentication successful
2026-08-18 23:13:22 WARNING security-service - Request queue depth is increasing
2026-08-18 23:13:42 INFO auth-service - Database query completed
2026-08-18 23:13:52 INFO api-gateway - Service heartbeat received
2026-08-18 23:14:07 INFO api-gateway - Health check completed
2026-08-18 23:14:22 ERROR auth-service - API request returned HTTP 500
2026-08-18 23:15:22 INFO security-service - File upload completed
2026-08-18 23:15:37 INFO api-gateway - Notification queued successfully
2026-08-18 23:15:52 INFO auth-service - Session created successfully
2026-08-18 23:15:57 INFO auth-service - File upload completed
2026-08-18 23:16:07 INFO api-gateway - Order status updated
2026-08-18 23:16:52 INFO security-service - Notification queued successfully
2026-08-18 23:17:52 WARNING api-gateway - Retrying external service request
2026-08-18 23:17:57 ERROR security-service - Database connection timeout
2026-08-18 23:18:12 INFO api-gateway - User authentication successful
2026-08-18 23:18:32 INFO security-service - Connection pool initialized
2026-08-18 23:19:17 WARNING api-gateway - Retrying external service request
2026-08-18 23:19:47 INFO security-service - Notification queued successfully
2026-08-18 23:20:32 INFO security-service - User authentication successful
2026-08-18 23:21:17 ERROR auth-service - Connection reset by peer
2026-08-18 23:21:22 INFO api-gateway - Service heartbeat received
2026-08-18 23:21:52 WARNING security-service - Slow database query detected
2026-08-18 23:22:02 ERROR api-gateway - Transaction declined
2026-08-18 23:22:47 INFO security-service - Service heartbeat received
2026-08-18 23:23:32 WARNING security-service - Request queue depth is increasing
2026-08-18 23:23:52 INFO auth-service - Payment request received
2026-08-18 23:23:57 INFO auth-service - Cache lookup completed
2026-08-18 23:24:17 INFO auth-service - User authentication successful
2026-08-18 23:24:27 WARNING api-gateway - Connection pool usage above 80 percent
2026-08-18 23:24:47 WARNING security-service - Retrying external service request
2026-08-18 23:25:32 ERROR api-gateway - Message processing failed
2026-08-18 23:26:02 INFO api-gateway - Order status updated
2026-08-18 23:26:12 WARNING security-service - Request queue depth is increasing
